python: can't open file '8 - OLAB.py': [Errno 2] No such file or directory
